// Jest Snapshot v1, https://goo.gl/fbAQLP

exports[`() => {
  return (
    _react2.default.createElement("section", { className: "landing", __source: { fileName: _jsxFileName, lineNumber: 13 }, __self: undefined },
      _react2.default.createElement("h1", { className: "landing-title", __source: { fileName: _jsxFileName, lineNumber: 14 }, __self: undefined }, "Dinnerbell"),
      _react2.default.createElement("div", { className: "landing-images", __source: { fileName: _jsxFileName, lineNumber: 15 }, __self: undefined },
        _react2.default.createElement(_materialUi.Paper, { style: style, zDepth: 2, __source: { fileName: _jsxFileName, lineNumber: 16 }, __self: undefined },
          _react2.default.createElement("div", { className: "landing-img-container-1", __source: { fileName: _jsxFileName, lineNumber: 17 }, __self: undefined })),

        _react2.default.createElement(_materialUi.Paper, { style: style, zDepth: 2, __source: { fileName: _jsxFileName, lineNumber: 19 }, __self: undefined },
          _react2.default.createElement("div", { className: "landing-img-container-2", __source: { fileName: _jsxFileName, lineNumber: 20 }, __self: undefined })),

        _react2.default.createElement(_materialUi.Paper, { style: style, zDepth: 2, __source: { fileName: _jsxFileName, lineNumber: 22 }, __self: undefined },
          _react2.default.createElement("div", { className: "landing-img-container-3", __source: { fileName: _jsxFileName, lineNumber: 23 }, __self: undefined }))),


      _react2.default.createElement("div", { className: "landing-images", __source: { fileName: _jsxFileName, lineNumber: 26 }, __self: undefined },
        _react2.default.createElement(_materialUi.Paper, { style: style, zDepth: 2, __source: { fileName: _jsxFileName, lineNumber: 27 }, __self: undefined },
          _react2.default.createElement("div", { className: "landing-img-container-4", __source: { fileName: _jsxFileName, lineNumber: 28 }, __self: undefined })),

        _react2.default.createElement(_materialUi.Paper, { style: style, zDepth: 2, __source: { fileName: _jsxFileName, lineNumber: 30 }, __self: undefined },
          _react2.default.createElement("div", { className: "landing-img-container-5", __source: { fileName: _jsxFileName, lineNumber: 31 }, __self: undefined })),

        _react2.default.createElement(_materialUi.Paper, { style: style, zDepth: 2, __source: { fileName: _jsxFileName, lineNumber: 33 }, __self: undefined },
          _react2.default.createElement("div", { className: "landing-img-container-6", __source: { fileName: _jsxFileName, lineNumber: 34 }, __self: undefined }))),


      _react2.default.createElement("div", { className: "landing-images", __source: { fileName: _jsxFileName, lineNumber: 37 }, __self: undefined },
        _react2.default.createElement(_materialUi.Paper, { style: style, zDepth: 2, __source: { fileName: _jsxFileName, lineNumber: 38 }, __self: undefined },
          _react2.default.createElement("div", { className: "landing-img-container-7", __source: { fileName: _jsxFileName, lineNumber: 39 }, __self: undefined })),

        _react2.default.createElement(_materialUi.Paper, { style: style, zDepth: 2, __source: { fileName: _jsxFileName, lineNumber: 41 }, __self: undefined },
          _react2.default.createElement("div", { className: "landing-img-container-8", __source: { fileName: _jsxFileName, lineNumber: 42 }, __self: undefined })),

        _react2.default.createElement(_materialUi.Paper, { style: style, zDepth: 2, __source: { fileName: _jsxFileName, lineNumber: 44 }, __self: undefined },
          _react2.default.createElement("div", { className: "landing-img-container-9", __source: { fileName: _jsxFileName, lineNumber: 45 }, __self: undefined })))));




} renders and matches our snapshot 1`] = `
<section
  className="landing"
>
  <h1
    className="landing-title"
  >
    Dinnerbell
  </h1>
  <div
    className="landing-images"
  >
    <div
      style={
        Object {
          "WebkitTapHighlightColor": "rgba(0,0,0,0)",
          "backgroundColor": "#ffffff",
          "borderRadius": 2,
          "boxShadow": "0 3px 10px rgba(0, 0, 0, 0.16),
                 0 3px 10px rgba(0, 0, 0, 0.23)",
          "boxSizing": "border-box",
          "color": "rgba(0, 0, 0, 0.87)",
          "fontFamily": "Roboto, sans-serif",
          "height": 100,
          "muiPrepared": true,
          "transition": "all 450ms cubic-bezier(0.23, 1, 0.32, 1) 0ms",
          "width": 100,
        }
      }
    >
      <div
        className="landing-img-container-1"
      />
    </div>
    <div
      style={
        Object {
          "WebkitTapHighlightColor": "rgba(0,0,0,0)",
          "backgroundColor": "#ffffff",
          "borderRadius": 2,
          "boxShadow": "0 3px 10px rgba(0, 0, 0, 0.16),
                 0 3px 10px rgba(0, 0, 0, 0.23)",
          "boxSizing": "border-box",
          "color": "rgba(0, 0, 0, 0.87)",
          "fontFamily": "Roboto, sans-serif",
          "height": 100,
          "muiPrepared": true,
          "transition": "all 450ms cubic-bezier(0.23, 1, 0.32, 1) 0ms",
          "width": 100,
        }
      }
    >
      <div
        className="landing-img-container-2"
      />
    </div>
    <div
      style={
        Object {
          "WebkitTapHighlightColor": "rgba(0,0,0,0)",
          "backgroundColor": "#ffffff",
          "borderRadius": 2,
          "boxShadow": "0 3px 10px rgba(0, 0, 0, 0.16),
                 0 3px 10px rgba(0, 0, 0, 0.23)",
          "boxSizing": "border-box",
          "color": "rgba(0, 0, 0, 0.87)",
          "fontFamily": "Roboto, sans-serif",
          "height": 100,
          "muiPrepared": true,
          "transition": "all 450ms cubic-bezier(0.23, 1, 0.32, 1) 0ms",
          "width": 100,
        }
      }
    >
      <div
        className="landing-img-container-3"
      />
    </div>
  </div>
  <div
    className="landing-images"
  >
    <div
      style={
        Object {
          "WebkitTapHighlightColor": "rgba(0,0,0,0)",
          "backgroundColor": "#ffffff",
          "borderRadius": 2,
          "boxShadow": "0 3px 10px rgba(0, 0, 0, 0.16),
                 0 3px 10px rgba(0, 0, 0, 0.23)",
          "boxSizing": "border-box",
          "color": "rgba(0, 0, 0, 0.87)",
          "fontFamily": "Roboto, sans-serif",
          "height": 100,
          "muiPrepared": true,
          "transition": "all 450ms cubic-bezier(0.23, 1, 0.32, 1) 0ms",
          "width": 100,
        }
      }
    >
      <div
        className="landing-img-container-4"
      />
    </div>
    <div
      style={
        Object {
          "WebkitTapHighlightColor": "rgba(0,0,0,0)",
          "backgroundColor": "#ffffff",
          "borderRadius": 2,
          "boxShadow": "0 3px 10px rgba(0, 0, 0, 0.16),
                 0 3px 10px rgba(0, 0, 0, 0.23)",
          "boxSizing": "border-box",
          "color": "rgba(0, 0, 0, 0.87)",
          "fontFamily": "Roboto, sans-serif",
          "height": 100,
          "muiPrepared": true,
          "transition": "all 450ms cubic-bezier(0.23, 1, 0.32, 1) 0ms",
          "width": 100,
        }
      }
    >
      <div
        className="landing-img-container-5"
      />
    </div>
    <div
      style={
        Object {
          "WebkitTapHighlightColor": "rgba(0,0,0,0)",
          "backgroundColor": "#ffffff",
          "borderRadius": 2,
          "boxShadow": "0 3px 10px rgba(0, 0, 0, 0.16),
                 0 3px 10px rgba(0, 0, 0, 0.23)",
          "boxSizing": "border-box",
          "color": "rgba(0, 0, 0, 0.87)",
          "fontFamily": "Roboto, sans-serif",
          "height": 100,
          "muiPrepared": true,
          "transition": "all 450ms cubic-bezier(0.23, 1, 0.32, 1) 0ms",
          "width": 100,
        }
      }
    >
      <div
        className="landing-img-container-6"
      />
    </div>
  </div>
  <div
    className="landing-images"
  >
    <div
      style={
        Object {
          "WebkitTapHighlightColor": "rgba(0,0,0,0)",
          "backgroundColor": "#ffffff",
          "borderRadius": 2,
          "boxShadow": "0 3px 10px rgba(0, 0, 0, 0.16),
                 0 3px 10px rgba(0, 0, 0, 0.23)",
          "boxSizing": "border-box",
          "color": "rgba(0, 0, 0, 0.87)",
          "fontFamily": "Roboto, sans-serif",
          "height": 100,
          "muiPrepared": true,
          "transition": "all 450ms cubic-bezier(0.23, 1, 0.32, 1) 0ms",
          "width": 100,
        }
      }
    >
      <div
        className="landing-img-container-7"
      />
    </div>
    <div
      style={
        Object {
          "WebkitTapHighlightColor": "rgba(0,0,0,0)",
          "backgroundColor": "#ffffff",
          "borderRadius": 2,
          "boxShadow": "0 3px 10px rgba(0, 0, 0, 0.16),
                 0 3px 10px rgba(0, 0, 0, 0.23)",
          "boxSizing": "border-box",
          "color": "rgba(0, 0, 0, 0.87)",
          "fontFamily": "Roboto, sans-serif",
          "height": 100,
          "muiPrepared": true,
          "transition": "all 450ms cubic-bezier(0.23, 1, 0.32, 1) 0ms",
          "width": 100,
        }
      }
    >
      <div
        className="landing-img-container-8"
      />
    </div>
    <div
      style={
        Object {
          "WebkitTapHighlightColor": "rgba(0,0,0,0)",
          "backgroundColor": "#ffffff",
          "borderRadius": 2,
          "boxShadow": "0 3px 10px rgba(0, 0, 0, 0.16),
                 0 3px 10px rgba(0, 0, 0, 0.23)",
          "boxSizing": "border-box",
          "color": "rgba(0, 0, 0, 0.87)",
          "fontFamily": "Roboto, sans-serif",
          "height": 100,
          "muiPrepared": true,
          "transition": "all 450ms cubic-bezier(0.23, 1, 0.32, 1) 0ms",
          "width": 100,
        }
      }
    >
      <div
        className="landing-img-container-9"
      />
    </div>
  </div>
</section>
`;
