// Jest Snapshot v1, https://goo.gl/fbAQLP

exports[`class App extends _react.Component {
  render() {
    return (
      _react2.default.createElement(_MuiThemeProvider2.default, { __source: { fileName: _jsxFileName, lineNumber: 10 }, __self: this },
        _react2.default.createElement(_Landing2.default, { __source: { fileName: _jsxFileName, lineNumber: 11 }, __self: this })));


  }} renders and matches our snapshot 1`] = `
<section
  className="landing"
>
  <h1
    className="landing-title"
  >
    Dinnerbell
  </h1>
  <div
    className="landing-images"
  >
    <div
      style={
        Object {
          "WebkitTapHighlightColor": "rgba(0,0,0,0)",
          "backgroundColor": "#ffffff",
          "borderRadius": 2,
          "boxShadow": "0 3px 10px rgba(0, 0, 0, 0.16),
                 0 3px 10px rgba(0, 0, 0, 0.23)",
          "boxSizing": "border-box",
          "color": "rgba(0, 0, 0, 0.87)",
          "fontFamily": "Roboto, sans-serif",
          "height": 100,
          "muiPrepared": true,
          "transition": "all 450ms cubic-bezier(0.23, 1, 0.32, 1) 0ms",
          "width": 100,
        }
      }
    >
      <div
        className="landing-img-container-1"
      />
    </div>
    <div
      style={
        Object {
          "WebkitTapHighlightColor": "rgba(0,0,0,0)",
          "backgroundColor": "#ffffff",
          "borderRadius": 2,
          "boxShadow": "0 3px 10px rgba(0, 0, 0, 0.16),
                 0 3px 10px rgba(0, 0, 0, 0.23)",
          "boxSizing": "border-box",
          "color": "rgba(0, 0, 0, 0.87)",
          "fontFamily": "Roboto, sans-serif",
          "height": 100,
          "muiPrepared": true,
          "transition": "all 450ms cubic-bezier(0.23, 1, 0.32, 1) 0ms",
          "width": 100,
        }
      }
    >
      <div
        className="landing-img-container-2"
      />
    </div>
    <div
      style={
        Object {
          "WebkitTapHighlightColor": "rgba(0,0,0,0)",
          "backgroundColor": "#ffffff",
          "borderRadius": 2,
          "boxShadow": "0 3px 10px rgba(0, 0, 0, 0.16),
                 0 3px 10px rgba(0, 0, 0, 0.23)",
          "boxSizing": "border-box",
          "color": "rgba(0, 0, 0, 0.87)",
          "fontFamily": "Roboto, sans-serif",
          "height": 100,
          "muiPrepared": true,
          "transition": "all 450ms cubic-bezier(0.23, 1, 0.32, 1) 0ms",
          "width": 100,
        }
      }
    >
      <div
        className="landing-img-container-3"
      />
    </div>
  </div>
  <div
    className="landing-images"
  >
    <div
      style={
        Object {
          "WebkitTapHighlightColor": "rgba(0,0,0,0)",
          "backgroundColor": "#ffffff",
          "borderRadius": 2,
          "boxShadow": "0 3px 10px rgba(0, 0, 0, 0.16),
                 0 3px 10px rgba(0, 0, 0, 0.23)",
          "boxSizing": "border-box",
          "color": "rgba(0, 0, 0, 0.87)",
          "fontFamily": "Roboto, sans-serif",
          "height": 100,
          "muiPrepared": true,
          "transition": "all 450ms cubic-bezier(0.23, 1, 0.32, 1) 0ms",
          "width": 100,
        }
      }
    >
      <div
        className="landing-img-container-4"
      />
    </div>
    <div
      style={
        Object {
          "WebkitTapHighlightColor": "rgba(0,0,0,0)",
          "backgroundColor": "#ffffff",
          "borderRadius": 2,
          "boxShadow": "0 3px 10px rgba(0, 0, 0, 0.16),
                 0 3px 10px rgba(0, 0, 0, 0.23)",
          "boxSizing": "border-box",
          "color": "rgba(0, 0, 0, 0.87)",
          "fontFamily": "Roboto, sans-serif",
          "height": 100,
          "muiPrepared": true,
          "transition": "all 450ms cubic-bezier(0.23, 1, 0.32, 1) 0ms",
          "width": 100,
        }
      }
    >
      <div
        className="landing-img-container-5"
      />
    </div>
    <div
      style={
        Object {
          "WebkitTapHighlightColor": "rgba(0,0,0,0)",
          "backgroundColor": "#ffffff",
          "borderRadius": 2,
          "boxShadow": "0 3px 10px rgba(0, 0, 0, 0.16),
                 0 3px 10px rgba(0, 0, 0, 0.23)",
          "boxSizing": "border-box",
          "color": "rgba(0, 0, 0, 0.87)",
          "fontFamily": "Roboto, sans-serif",
          "height": 100,
          "muiPrepared": true,
          "transition": "all 450ms cubic-bezier(0.23, 1, 0.32, 1) 0ms",
          "width": 100,
        }
      }
    >
      <div
        className="landing-img-container-6"
      />
    </div>
  </div>
  <div
    className="landing-images"
  >
    <div
      style={
        Object {
          "WebkitTapHighlightColor": "rgba(0,0,0,0)",
          "backgroundColor": "#ffffff",
          "borderRadius": 2,
          "boxShadow": "0 3px 10px rgba(0, 0, 0, 0.16),
                 0 3px 10px rgba(0, 0, 0, 0.23)",
          "boxSizing": "border-box",
          "color": "rgba(0, 0, 0, 0.87)",
          "fontFamily": "Roboto, sans-serif",
          "height": 100,
          "muiPrepared": true,
          "transition": "all 450ms cubic-bezier(0.23, 1, 0.32, 1) 0ms",
          "width": 100,
        }
      }
    >
      <div
        className="landing-img-container-7"
      />
    </div>
    <div
      style={
        Object {
          "WebkitTapHighlightColor": "rgba(0,0,0,0)",
          "backgroundColor": "#ffffff",
          "borderRadius": 2,
          "boxShadow": "0 3px 10px rgba(0, 0, 0, 0.16),
                 0 3px 10px rgba(0, 0, 0, 0.23)",
          "boxSizing": "border-box",
          "color": "rgba(0, 0, 0, 0.87)",
          "fontFamily": "Roboto, sans-serif",
          "height": 100,
          "muiPrepared": true,
          "transition": "all 450ms cubic-bezier(0.23, 1, 0.32, 1) 0ms",
          "width": 100,
        }
      }
    >
      <div
        className="landing-img-container-8"
      />
    </div>
    <div
      style={
        Object {
          "WebkitTapHighlightColor": "rgba(0,0,0,0)",
          "backgroundColor": "#ffffff",
          "borderRadius": 2,
          "boxShadow": "0 3px 10px rgba(0, 0, 0, 0.16),
                 0 3px 10px rgba(0, 0, 0, 0.23)",
          "boxSizing": "border-box",
          "color": "rgba(0, 0, 0, 0.87)",
          "fontFamily": "Roboto, sans-serif",
          "height": 100,
          "muiPrepared": true,
          "transition": "all 450ms cubic-bezier(0.23, 1, 0.32, 1) 0ms",
          "width": 100,
        }
      }
    >
      <div
        className="landing-img-container-9"
      />
    </div>
  </div>
</section>
`;
